
akdlfj
lkdfjlasdj
asdlfkj
there no \r
adsf
as
again no \r
df
there only \rds and again only \rf
sadf
ds
